[38;5;159m[Genesis] [21:31:09] [INFO] [38;5;121m╭───────────────────────────────────────────────╮[0m[38;5;159m[0m
[38;5;159m[Genesis] [21:31:09] [INFO] [38;5;121m│┈┉┈┉┈┉┈┉┈┉┈┉┈┉┈┉┈┉┈[0m[38;5;159m [38;5;121m[1m[3mGenesis[0m[38;5;159m [38;5;121m┈┉┈┉┈┉┈┉┈┉┈┉┈┉┈┉┈┉┈│[0m[38;5;159m[0m
[38;5;159m[Genesis] [21:31:09] [INFO] [38;5;121m╰───────────────────────────────────────────────╯[0m[38;5;159m[0m
[38;5;159m[Genesis] [21:31:09] [INFO] Running on [38;5;121m[4m[NVIDIA GeForce RTX 4060 Laptop GPU][0m[38;5;159m with backend [38;5;121m[4mgs.cuda[0m[38;5;159m. Device memory: [38;5;121m[4m8.00[0m[38;5;159m GB.[0m
[38;5;159m[Genesis] [21:31:09] [INFO] 🚀 Genesis initialized. 🔖 version: [38;5;121m[4m0.3.8[0m[38;5;159m, 🎨 theme: [38;5;121m[4mdark[0m[38;5;159m, 🌱 seed: [38;5;121m[4mNone[0m[38;5;159m, 🐛 debug: [38;5;121m[4mFalse[0m[38;5;159m, 📏 precision: [38;5;121m[4m32[0m[38;5;159m, 🔥 performance: [38;5;121m[4mFalse[0m[38;5;159m, 💬 verbose: [38;5;121m[4mINFO[0m[38;5;159m[0m
[38;5;159m[Genesis] [21:31:11] [INFO] Scene [38;5;121m[3m<468ba9c>[0m[38;5;159m created.[0m
[38;5;159m[Genesis] [21:31:11] [INFO] Adding [38;5;121m<gs.RigidEntity>[0m[38;5;159m. idx: [38;5;121m0[0m[38;5;159m, uid: [38;5;121m[3m<2287b65>[0m[38;5;159m, morph: [38;5;121m<gs.morphs.Plane>[0m[38;5;159m, material: [38;5;121m<gs.materials.Rigid>[0m[38;5;159m.[0m
[38;5;159m[Genesis] [21:31:11] [INFO] Adding [38;5;121m<gs.RigidEntity>[0m[38;5;159m. idx: [38;5;121m1[0m[38;5;159m, uid: [38;5;121m[3m<ef3d0b3>[0m[38;5;159m, morph: [38;5;121m<gs.morphs.Sphere>[0m[38;5;159m, material: [38;5;121m<gs.materials.Rigid>[0m[38;5;159m.[0m
[38;5;159m[Genesis] [21:31:11] [INFO] Building scene [38;5;121m[3m<468ba9c>[0m[38;5;159m...[0m
[38;5;159m[Genesis] [21:31:17] [INFO] Compiling simulation kernels...[0m
[38;5;159m[Genesis] [21:32:11] [INFO] Building visualizer...[0m
[38;5;159m[Genesis] [21:32:13] [INFO] Viewer created. Resolution: [38;5;121m960×720[0m[38;5;159m, max_FPS: [38;5;121m60[0m[38;5;159m.[0m
[38;5;159m[Genesis] [21:32:13] [INFO] Running at [38;5;121m57.60[0m[38;5;159m FPS.[0m
[38;5;159m[Genesis] [21:32:13] [INFO] Running at [38;5;121m57.63[0m[38;5;159m FPS.[0m
[38;5;159m[Genesis] [21:32:13] [INFO] Running at [38;5;121m57.61[0m[38;5;159m FPS.[0m
[38;5;159m[Genesis] [21:32:13] [INFO] Running at [38;5;121m57.63[0m[38;5;159m FPS.[0m
[38;5;159m[Genesis] [21:32:13] [INFO] Running at [38;5;121m57.71[0m[38;5;159m FPS.[0m
[38;5;159m[Genesis] [21:32:13] [INFO] Running at [38;5;121m75.95[0m[38;5;159m FPS.[0m
[38;5;159m[Genesis] [21:32:13] [INFO] Running at [38;5;121m23.24[0m[38;5;159m FPS.[0m
[38;5;159m[Genesis] [21:32:13] [INFO] Running at [38;5;121m58.34[0m[38;5;159m FPS.[0m
[38;5;159m[Genesis] [21:32:13] [INFO] Running at [38;5;121m76.61[0m[38;5;159m FPS.[0m
[38;5;159m[Genesis] [21:32:13] [INFO] Running at [38;5;121m75.58[0m[38;5;159m FPS.[0m
[38;5;159m[Genesis] [21:32:14] [INFO] Running at [38;5;121m56.78[0m[38;5;159m FPS.[0m
[38;5;159m[Genesis] [21:32:14] [INFO] Running at [38;5;121m56.91[0m[38;5;159m FPS.[0m
[38;5;159m[Genesis] [21:32:14] [INFO] Running at [38;5;121m57.04[0m[38;5;159m FPS.[0m
[38;5;159m[Genesis] [21:32:14] [INFO] Running at [38;5;121m57.14[0m[38;5;159m FPS.[0m
[38;5;159m[Genesis] [21:32:14] [INFO] Running at [38;5;121m57.26[0m[38;5;159m FPS.[0m
[38;5;159m[Genesis] [21:32:14] [INFO] Running at [38;5;121m57.38[0m[38;5;159m FPS.[0m
[38;5;159m[Genesis] [21:32:14] [INFO] Running at [38;5;121m57.37[0m[38;5;159m FPS.[0m
[38;5;159m[Genesis] [21:32:14] [INFO] Running at [38;5;121m57.39[0m[38;5;159m FPS.[0m
[38;5;159m[Genesis] [21:32:14] [INFO] Running at [38;5;121m57.41[0m[38;5;159m FPS.[0m
[38;5;159m[Genesis] [21:32:14] [INFO] Running at [38;5;121m57.43[0m[38;5;159m FPS.[0m
[38;5;159m[Genesis] [21:32:14] [INFO] Running at [38;5;121m57.42[0m[38;5;159m FPS.[0m
[38;5;159m[Genesis] [21:32:14] [INFO] Running at [38;5;121m57.49[0m[38;5;159m FPS.[0m
[38;5;159m[Genesis] [21:32:14] [INFO] Running at [38;5;121m57.57[0m[38;5;159m FPS.[0m
[38;5;159m[Genesis] [21:32:14] [INFO] Running at [38;5;121m57.64[0m[38;5;159m FPS.[0m
[38;5;159m[Genesis] [21:32:14] [INFO] Running at [38;5;121m57.57[0m[38;5;159m FPS.[0m
[38;5;159m[Genesis] [21:32:14] [INFO] Running at [38;5;121m57.59[0m[38;5;159m FPS.[0m
[38;5;159m[Genesis] [21:32:14] [INFO] Running at [38;5;121m57.67[0m[38;5;159m FPS.[0m
[38;5;159m[Genesis] [21:32:14] [INFO] Running at [38;5;121m57.75[0m[38;5;159m FPS.[0m
[38;5;159m[Genesis] [21:32:14] [INFO] Running at [38;5;121m57.75[0m[38;5;159m FPS.[0m
[38;5;159m[Genesis] [21:32:15] [INFO] Running at [38;5;121m57.81[0m[38;5;159m FPS.[0m
[38;5;159m[Genesis] [21:32:15] [INFO] Running at [38;5;121m57.79[0m[38;5;159m FPS.[0m
[38;5;159m[Genesis] [21:32:15] [INFO] Running at [38;5;121m57.84[0m[38;5;159m FPS.[0m
[38;5;159m[Genesis] [21:32:15] [INFO] Running at [38;5;121m57.88[0m[38;5;159m FPS.[0m
[38;5;159m[Genesis] [21:32:15] [INFO] Running at [38;5;121m57.81[0m[38;5;159m FPS.[0m
[38;5;159m[Genesis] [21:32:15] [INFO] Running at [38;5;121m57.80[0m[38;5;159m FPS.[0m
[38;5;159m[Genesis] [21:32:15] [INFO] Running at [38;5;121m57.85[0m[38;5;159m FPS.[0m
[38;5;159m[Genesis] [21:32:15] [INFO] Running at [38;5;121m57.74[0m[38;5;159m FPS.[0m
[38;5;159m[Genesis] [21:32:15] [INFO] Running at [38;5;121m75.86[0m[38;5;159m FPS.[0m
[38;5;159m[Genesis] [21:32:15] [INFO] Running at [38;5;121m74.87[0m[38;5;159m FPS.[0m
[38;5;159m[Genesis] [21:32:15] [INFO] Running at [38;5;121m56.33[0m[38;5;159m FPS.[0m
[38;5;159m[Genesis] [21:32:15] [INFO] Running at [38;5;121m74.13[0m[38;5;159m FPS.[0m
[38;5;159m[Genesis] [21:32:15] [INFO] Running at [38;5;121m55.64[0m[38;5;159m FPS.[0m
[38;5;159m[Genesis] [21:32:15] [INFO] Running at [38;5;121m73.35[0m[38;5;159m FPS.[0m
[38;5;159m[Genesis] [21:32:15] [INFO] Running at [38;5;121m55.11[0m[38;5;159m FPS.[0m
[38;5;159m[Genesis] [21:32:15] [INFO] Running at [38;5;121m55.18[0m[38;5;159m FPS.[0m
[38;5;159m[Genesis] [21:32:15] [INFO] Running at [38;5;121m55.37[0m[38;5;159m FPS.[0m
[38;5;159m[Genesis] [21:32:15] [INFO] Running at [38;5;121m55.57[0m[38;5;159m FPS.[0m
[38;5;159m[Genesis] [21:32:16] [INFO] Running at [38;5;121m55.72[0m[38;5;159m FPS.[0m
[38;5;159m[Genesis] [21:32:16] [INFO] Running at [38;5;121m55.87[0m[38;5;159m FPS.[0m
[38;5;159m[Genesis] [21:32:16] [INFO] Running at [38;5;121m55.89[0m[38;5;159m FPS.[0m
[38;5;159m[Genesis] [21:32:16] [INFO] Running at [38;5;121m55.97[0m[38;5;159m FPS.[0m
[38;5;159m[Genesis] [21:32:16] [INFO] Running at [38;5;121m56.10[0m[38;5;159m FPS.[0m
[38;5;159m[Genesis] [21:32:16] [INFO] Running at [38;5;121m56.21[0m[38;5;159m FPS.[0m
[38;5;159m[Genesis] [21:32:16] [INFO] Running at [38;5;121m56.27[0m[38;5;159m FPS.[0m
[38;5;159m[Genesis] [21:32:16] [INFO] Running at [38;5;121m56.37[0m[38;5;159m FPS.[0m
[38;5;159m[Genesis] [21:32:16] [INFO] Running at [38;5;121m56.34[0m[38;5;159m FPS.[0m
[38;5;159m[Genesis] [21:32:16] [INFO] Running at [38;5;121m56.41[0m[38;5;159m FPS.[0m
[38;5;159m[Genesis] [21:32:16] [INFO] Running at [38;5;121m74.32[0m[38;5;159m FPS.[0m
[38;5;159m[Genesis] [21:32:16] [INFO] Running at [38;5;121m55.88[0m[38;5;159m FPS.[0m
[38;5;159m[Genesis] [21:32:16] [INFO] Running at [38;5;121m56.06[0m[38;5;159m FPS.[0m
[38;5;159m[Genesis] [21:32:16] [INFO] Running at [38;5;121m56.21[0m[38;5;159m FPS.[0m
[38;5;159m[Genesis] [21:32:16] [INFO] Running at [38;5;121m37.16[0m[38;5;159m FPS.[0m
[38;5;159m[Genesis] [21:32:16] [INFO] Running at [38;5;121m37.04[0m[38;5;159m FPS.[0m
[38;5;159m[Genesis] [21:32:16] [INFO] Running at [38;5;121m36.80[0m[38;5;159m FPS.[0m
[38;5;159m[Genesis] [21:32:16] [INFO] Running at [38;5;121m36.86[0m[38;5;159m FPS.[0m
[38;5;159m[Genesis] [21:32:16] [INFO] Running at [38;5;121m54.73[0m[38;5;159m FPS.[0m
[38;5;159m[Genesis] [21:32:17] [INFO] Running at [38;5;121m36.60[0m[38;5;159m FPS.[0m
[38;5;159m[Genesis] [21:32:17] [INFO] Running at [38;5;121m36.69[0m[38;5;159m FPS.[0m
[38;5;159m[Genesis] [21:32:17] [INFO] Running at [38;5;121m53.99[0m[38;5;159m FPS.[0m
[38;5;159m[Genesis] [21:32:17] [INFO] Running at [38;5;121m35.96[0m[38;5;159m FPS.[0m
[38;5;159m[Genesis] [21:32:17] [INFO] Running at [38;5;121m36.10[0m[38;5;159m FPS.[0m
[38;5;159m[Genesis] [21:32:17] [INFO] Running at [38;5;121m53.35[0m[38;5;159m FPS.[0m
[38;5;159m[Genesis] [21:32:17] [INFO] Running at [38;5;121m35.52[0m[38;5;159m FPS.[0m
[38;5;159m[Genesis] [21:32:17] [INFO] Running at [38;5;121m52.44[0m[38;5;159m FPS.[0m
[38;5;159m[Genesis] [21:32:17] [INFO] Running at [38;5;121m34.84[0m[38;5;159m FPS.[0m
[38;5;159m[Genesis] [21:32:17] [INFO] Running at [38;5;121m35.04[0m[38;5;159m FPS.[0m
[38;5;159m[Genesis] [21:32:17] [INFO] Running at [38;5;121m35.20[0m[38;5;159m FPS.[0m
[38;5;159m[Genesis] [21:32:17] [INFO] Running at [38;5;121m35.30[0m[38;5;159m FPS.[0m
[38;5;159m[Genesis] [21:32:17] [INFO] Running at [38;5;121m52.10[0m[38;5;159m FPS.[0m
[38;5;159m[Genesis] [21:32:17] [INFO] Running at [38;5;121m34.62[0m[38;5;159m FPS.[0m
[38;5;159m[Genesis] [21:32:17] [INFO] Running at [38;5;121m34.57[0m[38;5;159m FPS.[0m
[38;5;159m[Genesis] [21:32:17] [INFO] Running at [38;5;121m34.44[0m[38;5;159m FPS.[0m
[38;5;159m[Genesis] [21:32:18] [INFO] Running at [38;5;121m34.48[0m[38;5;159m FPS.[0m
[38;5;159m[Genesis] [21:32:18] [INFO] Running at [38;5;121m34.70[0m[38;5;159m FPS.[0m
[38;5;159m[Genesis] [21:32:18] [INFO] Running at [38;5;121m51.07[0m[38;5;159m FPS.[0m
[38;5;159m[Genesis] [21:32:18] [INFO] Running at [38;5;121m50.71[0m[38;5;159m FPS.[0m
[38;5;159m[Genesis] [21:32:18] [INFO] Running at [38;5;121m50.61[0m[38;5;159m FPS.[0m
[38;5;159m[Genesis] [21:32:18] [INFO] Running at [38;5;121m50.21[0m[38;5;159m FPS.[0m
[38;5;159m[Genesis] [21:32:18] [INFO] Running at [38;5;121m33.45[0m[38;5;159m FPS.[0m
[38;5;159m[Genesis] [21:32:18] [INFO] Running at [38;5;121m49.53[0m[38;5;159m FPS.[0m
[38;5;159m[Genesis] [21:32:18] [INFO] Running at [38;5;121m49.13[0m[38;5;159m FPS.[0m
[38;5;159m[Genesis] [21:32:18] [INFO] Running at [38;5;121m48.83[0m[38;5;159m FPS.[0m
[38;5;159m[Genesis] [21:32:18] [INFO] Running at [38;5;121m32.54[0m[38;5;159m FPS.[0m
[38;5;159m[Genesis] [21:32:18] [INFO] Running at [38;5;121m32.83[0m[38;5;159m FPS.[0m
[38;5;159m[Genesis] [21:32:18] [INFO] Running at [38;5;121m48.87[0m[38;5;159m FPS.[0m
[38;5;159m[Genesis] [21:32:18] [INFO] Running at [38;5;121m32.60[0m[38;5;159m FPS.[0m
[38;5;159m[Genesis] [21:32:18] [INFO] Running at [38;5;121m32.71[0m[38;5;159m FPS.[0m
[38;5;159m[Genesis] [21:32:18] [INFO] Running at [38;5;121m32.71[0m[38;5;159m FPS.[0m
[38;5;159m[Genesis] [21:32:19] [INFO] Running at [38;5;121m49.40[0m[38;5;159m FPS.[0m
[38;5;159m[Genesis] [21:32:19] [INFO] Running at [38;5;121m49.73[0m[38;5;159m FPS.[0m
[38;5;159m[Genesis] [21:32:19] [INFO] Running at [38;5;121m50.13[0m[38;5;159m FPS.[0m
[38;5;159m[Genesis] [21:32:19] [INFO] Running at [38;5;121m50.50[0m[38;5;159m FPS.[0m
[38;5;159m[Genesis] [21:32:19] [INFO] Running at [38;5;121m50.85[0m[38;5;159m FPS.[0m
[38;5;159m[Genesis] [21:32:19] [INFO] Running at [38;5;121m51.19[0m[38;5;159m FPS.[0m
[38;5;159m[Genesis] [21:32:19] [INFO] Running at [38;5;121m67.80[0m[38;5;159m FPS.[0m
[38;5;159m[Genesis] [21:32:19] [INFO] Running at [38;5;121m51.17[0m[38;5;159m FPS.[0m
[38;5;159m[Genesis] [21:32:19] [INFO] Running at [38;5;121m51.46[0m[38;5;159m FPS.[0m
[38;5;159m[Genesis] [21:32:19] [INFO] Running at [38;5;121m51.80[0m[38;5;159m FPS.[0m
[38;5;159m[Genesis] [21:32:19] [INFO] Running at [38;5;121m52.09[0m[38;5;159m FPS.[0m
[38;5;159m[Genesis] [21:32:19] [INFO] Running at [38;5;121m52.42[0m[38;5;159m FPS.[0m
[38;5;159m[Genesis] [21:32:19] [INFO] Running at [38;5;121m52.72[0m[38;5;159m FPS.[0m
[38;5;159m[Genesis] [21:32:19] [INFO] Running at [38;5;121m52.96[0m[38;5;159m FPS.[0m
[38;5;159m[Genesis] [21:32:19] [INFO] Running at [38;5;121m53.16[0m[38;5;159m FPS.[0m
[38;5;159m[Genesis] [21:32:19] [INFO] Running at [38;5;121m53.39[0m[38;5;159m FPS.[0m
[38;5;159m[Genesis] [21:32:19] [INFO] Running at [38;5;121m53.63[0m[38;5;159m FPS.[0m
[38;5;159m[Genesis] [21:32:19] [INFO] Running at [38;5;121m53.86[0m[38;5;159m FPS.[0m
[38;5;159m[Genesis] [21:32:19] [INFO] Running at [38;5;121m54.06[0m[38;5;159m FPS.[0m
[38;5;159m[Genesis] [21:32:20] [INFO] Running at [38;5;121m54.25[0m[38;5;159m FPS.[0m
[38;5;159m[Genesis] [21:32:20] [INFO] Running at [38;5;121m54.43[0m[38;5;159m FPS.[0m
[38;5;159m[Genesis] [21:32:20] [INFO] Running at [38;5;121m54.65[0m[38;5;159m FPS.[0m
[38;5;159m[Genesis] [21:32:20] [INFO] Running at [38;5;121m54.74[0m[38;5;159m FPS.[0m
[38;5;159m[Genesis] [21:32:20] [INFO] Running at [38;5;121m72.26[0m[38;5;159m FPS.[0m
[38;5;159m[Genesis] [21:32:20] [INFO] Running at [38;5;121m54.45[0m[38;5;159m FPS.[0m
[38;5;159m[Genesis] [21:32:20] [INFO] Running at [38;5;121m54.59[0m[38;5;159m FPS.[0m
[38;5;159m[Genesis] [21:32:20] [INFO] Running at [38;5;121m54.78[0m[38;5;159m FPS.[0m
[38;5;159m[Genesis] [21:32:20] [INFO] Running at [38;5;121m54.99[0m[38;5;159m FPS.[0m
[38;5;159m[Genesis] [21:32:20] [INFO] Running at [38;5;121m55.17[0m[38;5;159m FPS.[0m
[38;5;159m[Genesis] [21:32:20] [INFO] Running at [38;5;121m55.29[0m[38;5;159m FPS.[0m
[38;5;159m[Genesis] [21:32:20] [INFO] Running at [38;5;121m55.37[0m[38;5;159m FPS.[0m
[38;5;159m[Genesis] [21:32:20] [INFO] Running at [38;5;121m55.53[0m[38;5;159m FPS.[0m
[38;5;159m[Genesis] [21:32:20] [INFO] Running at [38;5;121m55.63[0m[38;5;159m FPS.[0m
[38;5;159m[Genesis] [21:32:20] [INFO] Running at [38;5;121m55.82[0m[38;5;159m FPS.[0m
[38;5;159m[Genesis] [21:32:20] [INFO] Running at [38;5;121m55.98[0m[38;5;159m FPS.[0m
[38;5;159m[Genesis] [21:32:20] [INFO] Running at [38;5;121m56.10[0m[38;5;159m FPS.[0m
[38;5;159m[Genesis] [21:32:20] [INFO] Running at [38;5;121m56.10[0m[38;5;159m FPS.[0m
[38;5;159m[Genesis] [21:32:20] [INFO] Running at [38;5;121m73.87[0m[38;5;159m FPS.[0m
[38;5;159m[Genesis] [21:32:21] [INFO] Running at [38;5;121m55.54[0m[38;5;159m FPS.[0m
[38;5;159m[Genesis] [21:32:21] [INFO] Running at [38;5;121m55.60[0m[38;5;159m FPS.[0m
[38;5;159m[Genesis] [21:32:21] [INFO] Running at [38;5;121m55.77[0m[38;5;159m FPS.[0m
[38;5;159m[Genesis] [21:32:21] [INFO] Running at [38;5;121m73.51[0m[38;5;159m FPS.[0m
[38;5;159m[Genesis] [21:32:21] [INFO] Running at [38;5;121m72.71[0m[38;5;159m FPS.[0m
[38;5;159m[Genesis] [21:32:21] [INFO] Running at [38;5;121m54.69[0m[38;5;159m FPS.[0m
[38;5;159m[Genesis] [21:32:21] [INFO] Running at [38;5;121m54.88[0m[38;5;159m FPS.[0m
[38;5;159m[Genesis] [21:32:21] [INFO] Running at [38;5;121m55.02[0m[38;5;159m FPS.[0m
[38;5;159m[Genesis] [21:32:21] [INFO] Running at [38;5;121m72.51[0m[38;5;159m FPS.[0m
[38;5;159m[Genesis] [21:32:21] [INFO] Running at [38;5;121m54.62[0m[38;5;159m FPS.[0m
[38;5;159m[Genesis] [21:32:21] [INFO] Running at [38;5;121m54.74[0m[38;5;159m FPS.[0m
[38;5;159m[Genesis] [21:32:21] [INFO] Running at [38;5;121m54.90[0m[38;5;159m FPS.[0m
[38;5;159m[Genesis] [21:32:21] [INFO] Running at [38;5;121m55.03[0m[38;5;159m FPS.[0m
[38;5;159m[Genesis] [21:32:21] [INFO] Running at [38;5;121m55.14[0m[38;5;159m FPS.[0m
[38;5;159m[Genesis] [21:32:21] [INFO] Running at [38;5;121m55.27[0m[38;5;159m FPS.[0m
[38;5;159m[Genesis] [21:32:21] [INFO] Running at [38;5;121m55.49[0m[38;5;159m FPS.[0m
[38;5;159m[Genesis] [21:32:21] [INFO] Running at [38;5;121m55.64[0m[38;5;159m FPS.[0m
[38;5;159m[Genesis] [21:32:21] [INFO] Running at [38;5;121m55.84[0m[38;5;159m FPS.[0m
[38;5;159m[Genesis] [21:32:22] [INFO] Running at [38;5;121m73.65[0m[38;5;159m FPS.[0m
[38;5;159m[Genesis] [21:32:22] [INFO] Running at [38;5;121m55.43[0m[38;5;159m FPS.[0m
[38;5;159m[Genesis] [21:32:22] [INFO] Running at [38;5;121m73.07[0m[38;5;159m FPS.[0m
[38;5;159m[Genesis] [21:32:22] [INFO] Running at [38;5;121m55.02[0m[38;5;159m FPS.[0m
[38;5;159m[Genesis] [21:32:22] [INFO] Running at [38;5;121m55.10[0m[38;5;159m FPS.[0m
[38;5;159m[Genesis] [21:32:22] [INFO] Running at [38;5;121m55.31[0m[38;5;159m FPS.[0m
[38;5;159m[Genesis] [21:32:22] [INFO] Running at [38;5;121m55.43[0m[38;5;159m FPS.[0m
[38;5;159m[Genesis] [21:32:22] [INFO] Running at [38;5;121m55.57[0m[38;5;159m FPS.[0m
[38;5;159m[Genesis] [21:32:22] [INFO] Running at [38;5;121m55.74[0m[38;5;159m FPS.[0m
[38;5;159m[Genesis] [21:32:22] [INFO] Running at [38;5;121m55.80[0m[38;5;159m FPS.[0m
[38;5;159m[Genesis] [21:32:22] [INFO] Running at [38;5;121m55.89[0m[38;5;159m FPS.[0m
[38;5;159m[Genesis] [21:32:22] [INFO] Running at [38;5;121m55.97[0m[38;5;159m FPS.[0m
[38;5;159m[Genesis] [21:32:22] [INFO] Running at [38;5;121m56.00[0m[38;5;159m FPS.[0m
[38;5;159m[Genesis] [21:32:22] [INFO] Running at [38;5;121m56.14[0m[38;5;159m FPS.[0m
[38;5;159m[Genesis] [21:32:22] [INFO] Running at [38;5;121m56.20[0m[38;5;159m FPS.[0m
[38;5;159m[Genesis] [21:32:22] [INFO] Running at [38;5;121m56.32[0m[38;5;159m FPS.[0m
[38;5;159m[Genesis] [21:32:22] [INFO] Running at [38;5;121m56.40[0m[38;5;159m FPS.[0m
[38;5;159m[Genesis] [21:32:22] [INFO] Running at [38;5;121m56.42[0m[38;5;159m FPS.[0m
[38;5;159m[Genesis] [21:32:22] [INFO] Running at [38;5;121m56.50[0m[38;5;159m FPS.[0m
[38;5;159m[Genesis] [21:32:23] [INFO] Running at [38;5;121m56.57[0m[38;5;159m FPS.[0m
[38;5;159m[Genesis] [21:32:23] [INFO] Running at [38;5;121m56.63[0m[38;5;159m FPS.[0m
[38;5;159m[Genesis] [21:32:23] [INFO] Running at [38;5;121m56.69[0m[38;5;159m FPS.[0m
[38;5;159m[Genesis] [21:32:23] [INFO] Running at [38;5;121m56.73[0m[38;5;159m FPS.[0m
[38;5;159m[Genesis] [21:32:23] [INFO] Running at [38;5;121m56.63[0m[38;5;159m FPS.[0m
[38;5;159m[Genesis] [21:32:23] [INFO] Running at [38;5;121m74.56[0m[38;5;159m FPS.[0m
[38;5;159m[Genesis] [21:32:23] [INFO] Running at [38;5;121m55.98[0m[38;5;159m FPS.[0m
[38;5;159m[Genesis] [21:32:23] [INFO] Running at [38;5;121m56.14[0m[38;5;159m FPS.[0m
[38;5;159m[Genesis] [21:32:23] [INFO] Running at [38;5;121m56.24[0m[38;5;159m FPS.[0m
[38;5;159m[Genesis] [21:32:23] [INFO] Running at [38;5;121m56.32[0m[38;5;159m FPS.[0m
[38;5;159m[Genesis] [21:32:23] [INFO] Running at [38;5;121m56.47[0m[38;5;159m FPS.[0m
[38;5;159m[Genesis] [21:32:23] [INFO] Running at [38;5;121m74.30[0m[38;5;159m FPS.[0m
[38;5;159m[Genesis] [21:32:23] [INFO] Running at [38;5;121m55.85[0m[38;5;159m FPS.[0m
[38;5;159m[Genesis] [21:32:23] [INFO] Running at [38;5;121m56.00[0m[38;5;159m FPS.[0m
[38;5;159m[Genesis] [21:32:23] [INFO] Running at [38;5;121m55.99[0m[38;5;159m FPS.[0m
[38;5;159m[Genesis] [21:32:23] [INFO] Running at [38;5;121m56.07[0m[38;5;159m FPS.[0m
[38;5;159m[Genesis] [21:32:23] [INFO] Running at [38;5;121m56.14[0m[38;5;159m FPS.[0m
[38;5;159m[Genesis] [21:32:23] [INFO] Running at [38;5;121m56.17[0m[38;5;159m FPS.[0m
[38;5;159m[Genesis] [21:32:23] [INFO] Running at [38;5;121m73.95[0m[38;5;159m FPS.[0m
[38;5;159m[Genesis] [21:32:24] [INFO] Running at [38;5;121m73.15[0m[38;5;159m FPS.[0m
[38;5;159m[Genesis] [21:32:24] [INFO] Running at [38;5;121m55.09[0m[38;5;159m FPS.[0m
[38;5;159m[Genesis] [21:32:24] [INFO] Running at [38;5;121m55.21[0m[38;5;159m FPS.[0m
[38;5;159m[Genesis] [21:32:24] [INFO] Running at [38;5;121m55.36[0m[38;5;159m FPS.[0m
[38;5;159m[Genesis] [21:32:24] [INFO] Running at [38;5;121m55.56[0m[38;5;159m FPS.[0m
Traceback (most recent call last):
  File "D:\Desktop\Genesis-main\rag_demo\genesis_sim_20251217_213103.py", line 33, in <module>
    scene.step()
  File "D:\Desktop\Genesis-main\genesis\utils\misc.py", line 151, in wrapper
    return method(self, *args, **kwargs)
  File "D:\Desktop\Genesis-main\genesis\engine\scene.py", line 928, in step
    self._visualizer.update(force=False, auto=refresh_visualizer)
  File "D:\Desktop\Genesis-main\genesis\vis\visualizer.py", line 203, in update
    gs.raise_exception("Viewer closed.")
  File "D:\Desktop\Genesis-main\genesis\utils\misc.py", line 44, in raise_exception
    raise gs.GenesisException(msg)
genesis.GenesisException: Viewer closed.

[38;5;9m[Genesis] [21:32:24] [ERROR] GenesisException: Viewer closed.[0m
[38;5;159m[Genesis] [21:32:24] [INFO] 💤 Exiting Genesis and caching compiled kernels...[0m
[38;5;159m[Genesis] [21:49:57] [INFO] [38;5;121m╭───────────────────────────────────────────────╮[0m[38;5;159m[0m
[38;5;159m[Genesis] [21:49:57] [INFO] [38;5;121m│┈┉┈┉┈┉┈┉┈┉┈┉┈┉┈┉┈┉┈[0m[38;5;159m [38;5;121m[1m[3mGenesis[0m[38;5;159m [38;5;121m┈┉┈┉┈┉┈┉┈┉┈┉┈┉┈┉┈┉┈│[0m[38;5;159m[0m
[38;5;159m[Genesis] [21:49:57] [INFO] [38;5;121m╰───────────────────────────────────────────────╯[0m[38;5;159m[0m
[38;5;159m[Genesis] [21:49:58] [INFO] Running on [38;5;121m[4m[NVIDIA GeForce RTX 4060 Laptop GPU][0m[38;5;159m with backend [38;5;121m[4mgs.cuda[0m[38;5;159m. Device memory: [38;5;121m[4m8.00[0m[38;5;159m GB.[0m
[38;5;159m[Genesis] [21:49:58] [INFO] 🚀 Genesis initialized. 🔖 version: [38;5;121m[4m0.3.8[0m[38;5;159m, 🎨 theme: [38;5;121m[4mdark[0m[38;5;159m, 🌱 seed: [38;5;121m[4mNone[0m[38;5;159m, 🐛 debug: [38;5;121m[4mFalse[0m[38;5;159m, 📏 precision: [38;5;121m[4m32[0m[38;5;159m, 🔥 performance: [38;5;121m[4mFalse[0m[38;5;159m, 💬 verbose: [38;5;121m[4mINFO[0m[38;5;159m[0m
[38;5;159m[Genesis] [21:50:02] [INFO] Scene [38;5;121m[3m<3f998b0>[0m[38;5;159m created.[0m
[38;5;159m[Genesis] [21:50:02] [INFO] Adding [38;5;121m<gs.RigidEntity>[0m[38;5;159m. idx: [38;5;121m0[0m[38;5;159m, uid: [38;5;121m[3m<03f961f>[0m[38;5;159m, morph: [38;5;121m<gs.morphs.Box>[0m[38;5;159m, material: [38;5;121m<gs.materials.Rigid>[0m[38;5;159m.[0m
[38;5;159m[Genesis] [21:50:02] [INFO] Preprocessing geom idx [38;5;121m[4m0[0m[38;5;159m.[0m
[38;5;159m[Genesis] [21:50:02] [INFO] Adding [38;5;121m<gs.RigidEntity>[0m[38;5;159m. idx: [38;5;121m1[0m[38;5;159m, uid: [38;5;121m[3m<68eae4f>[0m[38;5;159m, morph: [38;5;121m<gs.morphs.Box>[0m[38;5;159m, material: [38;5;121m<gs.materials.Rigid>[0m[38;5;159m.[0m
[38;5;159m[Genesis] [21:50:02] [INFO] Preprocessing geom idx [38;5;121m[4m1[0m[38;5;159m.[0m
[38;5;159m[Genesis] [21:50:02] [INFO] Adding [38;5;121m<gs.RigidEntity>[0m[38;5;159m. idx: [38;5;121m2[0m[38;5;159m, uid: [38;5;121m[3m<8c42a61>[0m[38;5;159m, morph: [38;5;121m<gs.morphs.Box>[0m[38;5;159m, material: [38;5;121m<gs.materials.Rigid>[0m[38;5;159m.[0m
[38;5;159m[Genesis] [21:50:02] [INFO] Building scene [38;5;121m[3m<3f998b0>[0m[38;5;159m...[0m
[38;5;159m[Genesis] [21:50:14] [INFO] Compiling simulation kernels...[0m
[38;5;159m[Genesis] [21:51:28] [INFO] Building visualizer...[0m
[38;5;159m[Genesis] [21:51:30] [INFO] Viewer created. Resolution: [38;5;121m960×720[0m[38;5;159m, max_FPS: [38;5;121m60[0m[38;5;159m.[0m
[38;5;159m[Genesis] [21:51:30] [INFO] Running at [38;5;121m33.40[0m[38;5;159m FPS.[0m
[38;5;159m[Genesis] [21:51:30] [INFO] Running at [38;5;121m49.35[0m[38;5;159m FPS.[0m
[38;5;159m[Genesis] [21:51:30] [INFO] Running at [38;5;121m32.87[0m[38;5;159m FPS.[0m
[38;5;159m[Genesis] [21:51:30] [INFO] Running at [38;5;121m32.83[0m[38;5;159m FPS.[0m
[38;5;159m[Genesis] [21:51:30] [INFO] Running at [38;5;121m32.80[0m[38;5;159m FPS.[0m
[38;5;159m[Genesis] [21:51:30] [INFO] Running at [38;5;121m32.78[0m[38;5;159m FPS.[0m
[38;5;159m[Genesis] [21:51:30] [INFO] Running at [38;5;121m32.77[0m[38;5;159m FPS.[0m
[38;5;159m[Genesis] [21:51:30] [INFO] Running at [38;5;121m32.79[0m[38;5;159m FPS.[0m
[38;5;159m[Genesis] [21:51:30] [INFO] Running at [38;5;121m32.91[0m[38;5;159m FPS.[0m
[38;5;159m[Genesis] [21:51:31] [INFO] Running at [38;5;121m33.00[0m[38;5;159m FPS.[0m
[38;5;159m[Genesis] [21:51:31] [INFO] Running at [38;5;121m32.81[0m[38;5;159m FPS.[0m
[38;5;159m[Genesis] [21:51:31] [INFO] Running at [38;5;121m32.99[0m[38;5;159m FPS.[0m
[38;5;159m[Genesis] [21:51:31] [INFO] Running at [38;5;121m33.06[0m[38;5;159m FPS.[0m
[38;5;159m[Genesis] [21:51:31] [INFO] Running at [38;5;121m33.13[0m[38;5;159m FPS.[0m
[38;5;159m[Genesis] [21:51:31] [INFO] Running at [38;5;121m49.22[0m[38;5;159m FPS.[0m
[38;5;159m[Genesis] [21:51:31] [INFO] Running at [38;5;121m48.77[0m[38;5;159m FPS.[0m
[38;5;159m[Genesis] [21:51:31] [INFO] Running at [38;5;121m32.67[0m[38;5;159m FPS.[0m
[38;5;159m[Genesis] [21:51:31] [INFO] Running at [38;5;121m32.63[0m[38;5;159m FPS.[0m
[38;5;159m[Genesis] [21:51:31] [INFO] Running at [38;5;121m32.71[0m[38;5;159m FPS.[0m
[38;5;159m[Genesis] [21:51:31] [INFO] Running at [38;5;121m32.94[0m[38;5;159m FPS.[0m
[38;5;159m[Genesis] [21:51:31] [INFO] Running at [38;5;121m32.97[0m[38;5;159m FPS.[0m
[38;5;159m[Genesis] [21:51:31] [INFO] Running at [38;5;121m49.40[0m[38;5;159m FPS.[0m
[38;5;159m[Genesis] [21:51:31] [INFO] Running at [38;5;121m49.14[0m[38;5;159m FPS.[0m
[38;5;159m[Genesis] [21:51:31] [INFO] Running at [38;5;121m48.66[0m[38;5;159m FPS.[0m
[38;5;159m[Genesis] [21:51:31] [INFO] Running at [38;5;121m48.31[0m[38;5;159m FPS.[0m
[38;5;159m[Genesis] [21:51:32] [INFO] Running at [38;5;121m32.33[0m[38;5;159m FPS.[0m
[38;5;159m[Genesis] [21:51:32] [INFO] Running at [38;5;121m32.43[0m[38;5;159m FPS.[0m
[38;5;159m[Genesis] [21:51:32] [INFO] Running at [38;5;121m32.71[0m[38;5;159m FPS.[0m
[38;5;159m[Genesis] [21:51:32] [INFO] Running at [38;5;121m32.94[0m[38;5;159m FPS.[0m
[38;5;159m[Genesis] [21:51:32] [INFO] Running at [38;5;121m48.87[0m[38;5;159m FPS.[0m
[38;5;159m[Genesis] [21:51:32] [INFO] Running at [38;5;121m32.75[0m[38;5;159m FPS.[0m
[38;5;159m[Genesis] [21:51:32] [INFO] Running at [38;5;121m32.87[0m[38;5;159m FPS.[0m
[38;5;159m[Genesis] [21:51:32] [INFO] Running at [38;5;121m33.10[0m[38;5;159m FPS.[0m
[38;5;159m[Genesis] [21:51:32] [INFO] Running at [38;5;121m33.24[0m[38;5;159m FPS.[0m
[38;5;159m[Genesis] [21:51:32] [INFO] Running at [38;5;121m33.48[0m[38;5;159m FPS.[0m
[38;5;159m[Genesis] [21:51:32] [INFO] Running at [38;5;121m33.62[0m[38;5;159m FPS.[0m
[38;5;159m[Genesis] [21:51:32] [INFO] Running at [38;5;121m33.62[0m[38;5;159m FPS.[0m
[38;5;159m[Genesis] [21:51:32] [INFO] Running at [38;5;121m33.61[0m[38;5;159m FPS.[0m
[38;5;159m[Genesis] [21:51:32] [INFO] Running at [38;5;121m33.72[0m[38;5;159m FPS.[0m
[38;5;159m[Genesis] [21:51:32] [INFO] Running at [38;5;121m50.39[0m[38;5;159m FPS.[0m
[38;5;159m[Genesis] [21:51:32] [INFO] Running at [38;5;121m33.37[0m[38;5;159m FPS.[0m
[38;5;159m[Genesis] [21:51:32] [INFO] Running at [38;5;121m33.36[0m[38;5;159m FPS.[0m
[38;5;159m[Genesis] [21:51:33] [INFO] Running at [38;5;121m49.46[0m[38;5;159m FPS.[0m
[38;5;159m[Genesis] [21:51:33] [INFO] Running at [38;5;121m49.83[0m[38;5;159m FPS.[0m
[38;5;159m[Genesis] [21:51:33] [INFO] Running at [38;5;121m32.53[0m[38;5;159m FPS.[0m
[38;5;159m[Genesis] [21:51:33] [INFO] Running at [38;5;121m49.15[0m[38;5;159m FPS.[0m
[38;5;159m[Genesis] [21:51:33] [INFO] Running at [38;5;121m49.52[0m[38;5;159m FPS.[0m
[38;5;159m[Genesis] [21:51:33] [INFO] Running at [38;5;121m49.94[0m[38;5;159m FPS.[0m
[38;5;159m[Genesis] [21:51:33] [INFO] Running at [38;5;121m50.32[0m[38;5;159m FPS.[0m
[38;5;159m[Genesis] [21:51:33] [INFO] Running at [38;5;121m50.70[0m[38;5;159m FPS.[0m
[38;5;159m[Genesis] [21:51:33] [INFO] Running at [38;5;121m67.23[0m[38;5;159m FPS.[0m
[38;5;159m[Genesis] [21:51:33] [INFO] Running at [38;5;121m50.80[0m[38;5;159m FPS.[0m
[38;5;159m[Genesis] [21:51:33] [INFO] Running at [38;5;121m51.16[0m[38;5;159m FPS.[0m
[38;5;159m[Genesis] [21:51:33] [INFO] Running at [38;5;121m51.45[0m[38;5;159m FPS.[0m
[38;5;159m[Genesis] [21:51:33] [INFO] Running at [38;5;121m51.81[0m[38;5;159m FPS.[0m
[38;5;159m[Genesis] [21:51:33] [INFO] Running at [38;5;121m52.10[0m[38;5;159m FPS.[0m
[38;5;159m[Genesis] [21:51:33] [INFO] Running at [38;5;121m52.42[0m[38;5;159m FPS.[0m
[38;5;159m[Genesis] [21:51:33] [INFO] Running at [38;5;121m52.68[0m[38;5;159m FPS.[0m
[38;5;159m[Genesis] [21:51:33] [INFO] Running at [38;5;121m52.94[0m[38;5;159m FPS.[0m
[38;5;159m[Genesis] [21:51:33] [INFO] Running at [38;5;121m69.93[0m[38;5;159m FPS.[0m
[38;5;159m[Genesis] [21:51:34] [INFO] Running at [38;5;121m52.75[0m[38;5;159m FPS.[0m
[38;5;159m[Genesis] [21:51:34] [INFO] Running at [38;5;121m53.04[0m[38;5;159m FPS.[0m
[38;5;159m[Genesis] [21:51:34] [INFO] Running at [38;5;121m53.33[0m[38;5;159m FPS.[0m
[38;5;159m[Genesis] [21:51:34] [INFO] Running at [38;5;121m53.57[0m[38;5;159m FPS.[0m
[38;5;159m[Genesis] [21:51:34] [INFO] Running at [38;5;121m53.79[0m[38;5;159m FPS.[0m
[38;5;159m[Genesis] [21:51:34] [INFO] Running at [38;5;121m53.94[0m[38;5;159m FPS.[0m
[38;5;159m[Genesis] [21:51:34] [INFO] Running at [38;5;121m54.18[0m[38;5;159m FPS.[0m
[38;5;159m[Genesis] [21:51:34] [INFO] Running at [38;5;121m54.25[0m[38;5;159m FPS.[0m
[38;5;159m[Genesis] [21:51:34] [INFO] Running at [38;5;121m54.43[0m[38;5;159m FPS.[0m
[38;5;159m[Genesis] [21:51:34] [INFO] Running at [38;5;121m54.56[0m[38;5;159m FPS.[0m
[38;5;159m[Genesis] [21:51:34] [INFO] Running at [38;5;121m54.64[0m[38;5;159m FPS.[0m
[38;5;159m[Genesis] [21:51:34] [INFO] Running at [38;5;121m72.11[0m[38;5;159m FPS.[0m
[38;5;159m[Genesis] [21:51:34] [INFO] Running at [38;5;121m54.21[0m[38;5;159m FPS.[0m
[38;5;159m[Genesis] [21:51:34] [INFO] Running at [38;5;121m54.45[0m[38;5;159m FPS.[0m
[38;5;159m[Genesis] [21:51:34] [INFO] Running at [38;5;121m54.66[0m[38;5;159m FPS.[0m
[38;5;159m[Genesis] [21:51:34] [INFO] Running at [38;5;121m54.89[0m[38;5;159m FPS.[0m
[38;5;159m[Genesis] [21:51:34] [INFO] Running at [38;5;121m55.08[0m[38;5;159m FPS.[0m
[38;5;159m[Genesis] [21:51:34] [INFO] Running at [38;5;121m55.20[0m[38;5;159m FPS.[0m
[38;5;159m[Genesis] [21:51:34] [INFO] Running at [38;5;121m55.36[0m[38;5;159m FPS.[0m
[38;5;159m[Genesis] [21:51:35] [INFO] Running at [38;5;121m55.45[0m[38;5;159m FPS.[0m
[38;5;159m[Genesis] [21:51:35] [INFO] Running at [38;5;121m55.62[0m[38;5;159m FPS.[0m
[38;5;159m[Genesis] [21:51:35] [INFO] Running at [38;5;121m55.72[0m[38;5;159m FPS.[0m
[38;5;159m[Genesis] [21:51:35] [INFO] Running at [38;5;121m55.79[0m[38;5;159m FPS.[0m
[38;5;159m[Genesis] [21:51:35] [INFO] Running at [38;5;121m55.89[0m[38;5;159m FPS.[0m
[38;5;159m[Genesis] [21:51:35] [INFO] Running at [38;5;121m56.07[0m[38;5;159m FPS.[0m
[38;5;159m[Genesis] [21:51:35] [INFO] Running at [38;5;121m56.21[0m[38;5;159m FPS.[0m
[38;5;159m[Genesis] [21:51:35] [INFO] Running at [38;5;121m56.38[0m[38;5;159m FPS.[0m
[38;5;159m[Genesis] [21:51:35] [INFO] Running at [38;5;121m56.55[0m[38;5;159m FPS.[0m
[38;5;159m[Genesis] [21:51:35] [INFO] Running at [38;5;121m56.61[0m[38;5;159m FPS.[0m
[38;5;159m[Genesis] [21:51:35] [INFO] Running at [38;5;121m56.72[0m[38;5;159m FPS.[0m
[38;5;159m[Genesis] [21:51:35] [INFO] Running at [38;5;121m56.87[0m[38;5;159m FPS.[0m
[38;5;159m[Genesis] [21:51:35] [INFO] Running at [38;5;121m56.95[0m[38;5;159m FPS.[0m
[38;5;159m[Genesis] [21:51:35] [INFO] Running at [38;5;121m57.01[0m[38;5;159m FPS.[0m
[38;5;159m[Genesis] [21:51:35] [INFO] Running at [38;5;121m57.02[0m[38;5;159m FPS.[0m
[38;5;159m[Genesis] [21:51:35] [INFO] Running at [38;5;121m57.11[0m[38;5;159m FPS.[0m
[38;5;159m[Genesis] [21:51:35] [INFO] Running at [38;5;121m75.10[0m[38;5;159m FPS.[0m
[38;5;159m[Genesis] [21:51:35] [INFO] Running at [38;5;121m56.50[0m[38;5;159m FPS.[0m
[38;5;159m[Genesis] [21:51:35] [INFO] Running at [38;5;121m56.56[0m[38;5;159m FPS.[0m
[38;5;159m[Genesis] [21:51:36] [INFO] Running at [38;5;121m56.62[0m[38;5;159m FPS.[0m
[38;5;159m[Genesis] [21:51:36] [INFO] Running at [38;5;121m56.73[0m[38;5;159m FPS.[0m
[38;5;159m[Genesis] [21:51:36] [INFO] Running at [38;5;121m56.87[0m[38;5;159m FPS.[0m
[38;5;159m[Genesis] [21:51:36] [INFO] Running at [38;5;121m56.97[0m[38;5;159m FPS.[0m
[38;5;159m[Genesis] [21:51:36] [INFO] Running at [38;5;121m57.05[0m[38;5;159m FPS.[0m
[38;5;159m[Genesis] [21:51:36] [INFO] Running at [38;5;121m57.11[0m[38;5;159m FPS.[0m
[38;5;159m[Genesis] [21:51:36] [INFO] Running at [38;5;121m57.12[0m[38;5;159m FPS.[0m
[38;5;159m[Genesis] [21:51:36] [INFO] Running at [38;5;121m57.18[0m[38;5;159m FPS.[0m
[38;5;159m[Genesis] [21:51:36] [INFO] Running at [38;5;121m57.27[0m[38;5;159m FPS.[0m
[38;5;159m[Genesis] [21:51:36] [INFO] Running at [38;5;121m57.37[0m[38;5;159m FPS.[0m
[38;5;159m[Genesis] [21:51:36] [INFO] Running at [38;5;121m57.48[0m[38;5;159m FPS.[0m
[38;5;159m[Genesis] [21:51:36] [INFO] Running at [38;5;121m57.58[0m[38;5;159m FPS.[0m
[38;5;159m[Genesis] [21:51:36] [INFO] Running at [38;5;121m57.54[0m[38;5;159m FPS.[0m
[38;5;159m[Genesis] [21:51:36] [INFO] Running at [38;5;121m57.60[0m[38;5;159m FPS.[0m
[38;5;159m[Genesis] [21:51:36] [INFO] Running at [38;5;121m57.54[0m[38;5;159m FPS.[0m
[38;5;159m[Genesis] [21:51:36] [INFO] Running at [38;5;121m57.62[0m[38;5;159m FPS.[0m
[38;5;159m[Genesis] [21:51:36] [INFO] Running at [38;5;121m57.66[0m[38;5;159m FPS.[0m
[38;5;159m[Genesis] [21:51:36] [INFO] Running at [38;5;121m57.72[0m[38;5;159m FPS.[0m
[38;5;159m[Genesis] [21:51:36] [INFO] Running at [38;5;121m57.77[0m[38;5;159m FPS.[0m
[38;5;159m[Genesis] [21:51:37] [INFO] Running at [38;5;121m57.70[0m[38;5;159m FPS.[0m
[38;5;159m[Genesis] [21:51:37] [INFO] Running at [38;5;121m57.71[0m[38;5;159m FPS.[0m
[38;5;159m[Genesis] [21:51:37] [INFO] Running at [38;5;121m57.76[0m[38;5;159m FPS.[0m
[38;5;159m[Genesis] [21:51:37] [INFO] Running at [38;5;121m57.70[0m[38;5;159m FPS.[0m
[38;5;159m[Genesis] [21:51:37] [INFO] Running at [38;5;121m57.65[0m[38;5;159m FPS.[0m
[38;5;159m[Genesis] [21:51:37] [INFO] Running at [38;5;121m57.71[0m[38;5;159m FPS.[0m
[38;5;159m[Genesis] [21:51:37] [INFO] Running at [38;5;121m57.77[0m[38;5;159m FPS.[0m
[38;5;159m[Genesis] [21:51:37] [INFO] Running at [38;5;121m57.75[0m[38;5;159m FPS.[0m
[38;5;159m[Genesis] [21:51:37] [INFO] Running at [38;5;121m57.76[0m[38;5;159m FPS.[0m
[38;5;159m[Genesis] [21:51:37] [INFO] Running at [38;5;121m57.74[0m[38;5;159m FPS.[0m
[38;5;159m[Genesis] [21:51:37] [INFO] Running at [38;5;121m57.78[0m[38;5;159m FPS.[0m
[38;5;159m[Genesis] [21:51:37] [INFO] Running at [38;5;121m57.82[0m[38;5;159m FPS.[0m
[38;5;159m[Genesis] [21:51:37] [INFO] Running at [38;5;121m57.85[0m[38;5;159m FPS.[0m
[38;5;159m[Genesis] [21:51:37] [INFO] Running at [38;5;121m75.97[0m[38;5;159m FPS.[0m
[38;5;159m[Genesis] [21:51:37] [INFO] Running at [38;5;121m57.01[0m[38;5;159m FPS.[0m
[38;5;159m[Genesis] [21:51:37] [INFO] Running at [38;5;121m57.11[0m[38;5;159m FPS.[0m
[38;5;159m[Genesis] [21:51:37] [INFO] Running at [38;5;121m57.11[0m[38;5;159m FPS.[0m
[38;5;159m[Genesis] [21:51:37] [INFO] Running at [38;5;121m57.22[0m[38;5;159m FPS.[0m
[38;5;159m[Genesis] [21:51:37] [INFO] Running at [38;5;121m57.25[0m[38;5;159m FPS.[0m
[38;5;159m[Genesis] [21:51:38] [INFO] Running at [38;5;121m57.27[0m[38;5;159m FPS.[0m
[38;5;159m[Genesis] [21:51:38] [INFO] Running at [38;5;121m57.31[0m[38;5;159m FPS.[0m
[38;5;159m[Genesis] [21:51:38] [INFO] Running at [38;5;121m57.35[0m[38;5;159m FPS.[0m
[38;5;159m[Genesis] [21:51:38] [INFO] Running at [38;5;121m57.37[0m[38;5;159m FPS.[0m
[38;5;159m[Genesis] [21:51:38] [INFO] Running at [38;5;121m57.37[0m[38;5;159m FPS.[0m
[38;5;159m[Genesis] [21:51:38] [INFO] Running at [38;5;121m57.36[0m[38;5;159m FPS.[0m
[38;5;159m[Genesis] [21:51:38] [INFO] Running at [38;5;121m57.33[0m[38;5;159m FPS.[0m
[38;5;159m[Genesis] [21:51:38] [INFO] Running at [38;5;121m75.36[0m[38;5;159m FPS.[0m
[38;5;159m[Genesis] [21:51:38] [INFO] Running at [38;5;121m56.56[0m[38;5;159m FPS.[0m
[38;5;159m[Genesis] [21:51:38] [INFO] Running at [38;5;121m56.64[0m[38;5;159m FPS.[0m
[38;5;159m[Genesis] [21:51:38] [INFO] Running at [38;5;121m56.70[0m[38;5;159m FPS.[0m
[38;5;159m[Genesis] [21:51:38] [INFO] Running at [38;5;121m56.80[0m[38;5;159m FPS.[0m
[38;5;159m[Genesis] [21:51:38] [INFO] Running at [38;5;121m56.90[0m[38;5;159m FPS.[0m
[38;5;159m[Genesis] [21:51:38] [INFO] Running at [38;5;121m56.87[0m[38;5;159m FPS.[0m
[38;5;159m[Genesis] [21:51:38] [INFO] Running at [38;5;121m56.90[0m[38;5;159m FPS.[0m
[38;5;159m[Genesis] [21:51:38] [INFO] Running at [38;5;121m56.98[0m[38;5;159m FPS.[0m
[38;5;159m[Genesis] [21:51:38] [INFO] Running at [38;5;121m57.08[0m[38;5;159m FPS.[0m
[38;5;159m[Genesis] [21:51:38] [INFO] Running at [38;5;121m57.05[0m[38;5;159m FPS.[0m
[38;5;159m[Genesis] [21:51:38] [INFO] Running at [38;5;121m57.12[0m[38;5;159m FPS.[0m
[38;5;159m[Genesis] [21:51:39] [INFO] Running at [38;5;121m57.21[0m[38;5;159m FPS.[0m
[38;5;159m[Genesis] [21:51:39] [INFO] Running at [38;5;121m57.29[0m[38;5;159m FPS.[0m
[38;5;159m[Genesis] [21:51:39] [INFO] Running at [38;5;121m57.31[0m[38;5;159m FPS.[0m
[38;5;159m[Genesis] [21:51:39] [INFO] Running at [38;5;121m57.35[0m[38;5;159m FPS.[0m
[38;5;159m[Genesis] [21:51:39] [INFO] Running at [38;5;121m57.32[0m[38;5;159m FPS.[0m
[38;5;159m[Genesis] [21:51:39] [INFO] Running at [38;5;121m75.38[0m[38;5;159m FPS.[0m
[38;5;159m[Genesis] [21:51:39] [INFO] Running at [38;5;121m56.61[0m[38;5;159m FPS.[0m
[38;5;159m[Genesis] [21:51:39] [INFO] Running at [38;5;121m56.71[0m[38;5;159m FPS.[0m
[38;5;159m[Genesis] [21:51:39] [INFO] Running at [38;5;121m56.71[0m[38;5;159m FPS.[0m
[38;5;159m[Genesis] [21:51:39] [INFO] Running at [38;5;121m56.75[0m[38;5;159m FPS.[0m
[38;5;159m[Genesis] [21:51:39] [INFO] Running at [38;5;121m74.68[0m[38;5;159m FPS.[0m
[38;5;159m[Genesis] [21:51:39] [INFO] Running at [38;5;121m56.15[0m[38;5;159m FPS.[0m
[38;5;159m[Genesis] [21:51:39] [INFO] Running at [38;5;121m56.32[0m[38;5;159m FPS.[0m
[38;5;159m[Genesis] [21:51:39] [INFO] Running at [38;5;121m56.34[0m[38;5;159m FPS.[0m
[38;5;159m[Genesis] [21:51:39] [INFO] Running at [38;5;121m56.50[0m[38;5;159m FPS.[0m
[38;5;159m[Genesis] [21:51:39] [INFO] Running at [38;5;121m56.53[0m[38;5;159m FPS.[0m
[38;5;159m[Genesis] [21:51:39] [INFO] Running at [38;5;121m56.69[0m[38;5;159m FPS.[0m
[38;5;159m[Genesis] [21:51:39] [INFO] Running at [38;5;121m56.81[0m[38;5;159m FPS.[0m
[38;5;159m[Genesis] [21:51:39] [INFO] Running at [38;5;121m56.90[0m[38;5;159m FPS.[0m
[38;5;159m[Genesis] [21:51:40] [INFO] Running at [38;5;121m56.93[0m[38;5;159m FPS.[0m
[38;5;159m[Genesis] [21:51:40] [INFO] Running at [38;5;121m57.03[0m[38;5;159m FPS.[0m
[38;5;159m[Genesis] [21:51:40] [INFO] Running at [38;5;121m57.04[0m[38;5;159m FPS.[0m
Traceback (most recent call last):
  File "D:\Desktop\Genesis-main\rag_demo\genesis_sim_20251217_214948.py", line 58, in <module>
    scene.step()
  File "D:\Desktop\Genesis-main\genesis\utils\misc.py", line 151, in wrapper
    return method(self, *args, **kwargs)
  File "D:\Desktop\Genesis-main\genesis\engine\scene.py", line 928, in step
    self._visualizer.update(force=False, auto=refresh_visualizer)
  File "D:\Desktop\Genesis-main\genesis\vis\visualizer.py", line 203, in update
    gs.raise_exception("Viewer closed.")
  File "D:\Desktop\Genesis-main\genesis\utils\misc.py", line 44, in raise_exception
    raise gs.GenesisException(msg)
genesis.GenesisException: Viewer closed.

[38;5;9m[Genesis] [21:51:40] [ERROR] GenesisException: Viewer closed.[0m
[38;5;159m[Genesis] [21:51:40] [INFO] 💤 Exiting Genesis and caching compiled kernels...[0m
Traceback (most recent call last):
  File "D:\Desktop\Genesis\Genesis-main\rag_demo\genesis_sim_20251225_210203.py", line 1, in <module>
    import genesis as gs
ModuleNotFoundError: No module named 'genesis'
Execution timed out (程序运行超时，可能是陷入死循环或窗口未关闭)[38;5;159m[Genesis] [21:21:28] [INFO] [38;5;121m╭───────────────────────────────────────────────╮[0m[38;5;159m[0m
[38;5;159m[Genesis] [21:21:28] [INFO] [38;5;121m│┈┉┈┉┈┉┈┉┈┉┈┉┈┉┈┉┈┉┈[0m[38;5;159m [38;5;121m[1m[3mGenesis[0m[38;5;159m [38;5;121m┈┉┈┉┈┉┈┉┈┉┈┉┈┉┈┉┈┉┈│[0m[38;5;159m[0m
[38;5;159m[Genesis] [21:21:28] [INFO] [38;5;121m╰───────────────────────────────────────────────╯[0m[38;5;159m[0m
[38;5;159m[Genesis] [21:21:29] [INFO] Running on [38;5;121m[4m[NVIDIA GeForce RTX 4060 Laptop GPU][0m[38;5;159m with backend [38;5;121m[4mgs.cuda[0m[38;5;159m. Device memory: [38;5;121m[4m8.00[0m[38;5;159m GB.[0m
[38;5;159m[Genesis] [21:21:29] [INFO] 🚀 Genesis initialized. 🔖 version: [38;5;121m[4m0.3.8[0m[38;5;159m, 🎨 theme: [38;5;121m[4mdark[0m[38;5;159m, 🌱 seed: [38;5;121m[4mNone[0m[38;5;159m, 🐛 debug: [38;5;121m[4mFalse[0m[38;5;159m, 📏 precision: [38;5;121m[4m32[0m[38;5;159m, 🔥 performance: [38;5;121m[4mFalse[0m[38;5;159m, 💬 verbose: [38;5;121m[4mINFO[0m[38;5;159m[0m
[38;5;159m[Genesis] [21:21:31] [INFO] Scene [38;5;121m[3m<3a93bb0>[0m[38;5;159m created.[0m
[38;5;159m[Genesis] [21:21:31] [INFO] Adding [38;5;121m<gs.RigidEntity>[0m[38;5;159m. idx: [38;5;121m0[0m[38;5;159m, uid: [38;5;121m[3m<849e2b0>[0m[38;5;159m, morph: [38;5;121m<gs.morphs.Plane>[0m[38;5;159m, material: [38;5;121m<gs.materials.Rigid>[0m[38;5;159m.[0m
[38;5;159m[Genesis] [21:21:32] [INFO] Adding [38;5;121m<gs.RigidEntity>[0m[38;5;159m. idx: [38;5;121m1[0m[38;5;159m, uid: [38;5;121m[3m<8694a9b>[0m[38;5;159m, morph: [38;5;121m<gs.morphs.Box>[0m[38;5;159m, material: [38;5;121m<gs.materials.Rigid>[0m[38;5;159m.[0m
[38;5;159m[Genesis] [21:21:32] [INFO] Adding [38;5;121m<gs.RigidEntity>[0m[38;5;159m. idx: [38;5;121m2[0m[38;5;159m, uid: [38;5;121m[3m<e480cdc>[0m[38;5;159m, morph: [38;5;121m<gs.morphs.Box>[0m[38;5;159m, material: [38;5;121m<gs.materials.Rigid>[0m[38;5;159m.[0m
[38;5;159m[Genesis] [21:21:32] [INFO] Building scene [38;5;121m[3m<3a93bb0>[0m[38;5;159m...[0m
[38;5;159m[Genesis] [21:21:43] [INFO] Compiling simulation kernels...[0m
[38;5;159m[Genesis] [21:23:32] [INFO] Building visualizer...[0m
[38;5;159m[Genesis] [21:23:33] [INFO] Viewer created. Resolution: [38;5;121m960×720[0m[38;5;159m, max_FPS: [38;5;121m60[0m[38;5;159m.[0m
Traceback (most recent call last):
  File "D:\Desktop\Genesis\Genesis-main\rag_demo\genesis_sim_20251225_212124.py", line 54, in <module>
    if not scene.viewer_running:
AttributeError: 'Scene' object has no attribute 'viewer_running'

[38;5;9m[Genesis] [21:23:33] [ERROR] AttributeError: 'Scene' object has no attribute 'viewer_running'[0m
[38;5;159m[Genesis] [21:23:33] [INFO] 💤 Exiting Genesis and caching compiled kernels...[0m
